[    5314ms] [WARNING] [GSI_LOGGER]: Your client application uses one of the Google One Tap prompt UI status methods that may stop functioning when FedCM becomes mandatory. Refer to the migration guide to update your code accordingly and opt-in to FedCM to test your changes. Learn more: https://developers.google.com/identity/gsi/web/guides/fedcm-migration?s=dc#display_moment and https://developers.google.com/identity/gsi/web/guides/fedcm-migration?s=dc#skipped_moment @ https://accounts.google.com/gsi/client:86
[    5317ms] [ERROR] Not signed in with the identity provider. @ https://systemdesignschool.io/problems/twitter/solution:0
[   35055ms] [ERROR] [GSI_LOGGER]: FedCM get() rejects with NetworkError: Error retrieving a token. @ https://accounts.google.com/gsi/client:87
[  160244ms] Error: Minified React error #425; visit https://reactjs.org/docs/error-decoder.html?invariant=425 for the full message or use the non-minified dev environment for full errors and additional helpful warnings.
    at rg (https://systemdesignschool.io/_next/static/chunks/framework-2fe4cb6473b20297.js:9:40173)
    at https://systemdesignschool.io/_next/static/chunks/framework-2fe4cb6473b20297.js:9:100717
    at oI (https://systemdesignschool.io/_next/static/chunks/framework-2fe4cb6473b20297.js:9:106228)
    at oD (https://systemdesignschool.io/_next/static/chunks/framework-2fe4cb6473b20297.js:9:99176)
    at https://systemdesignschool.io/_next/static/chunks/framework-2fe4cb6473b20297.js:9:98983
    at oO (https://systemdesignschool.io/_next/static/chunks/framework-2fe4cb6473b20297.js:9:98990)
    at ox (https://systemdesignschool.io/_next/static/chunks/framework-2fe4cb6473b20297.js:9:94029)
    at x (https://systemdesignschool.io/_next/static/chunks/framework-2fe4cb6473b20297.js:33:1374)
    at MessagePort.T (https://systemdesignschool.io/_next/static/chunks/framework-2fe4cb6473b20297.js:33:1904)
[  160245ms] Error: Minified React error #425; visit https://reactjs.org/docs/error-decoder.html?invariant=425 for the full message or use the non-minified dev environment for full errors and additional helpful warnings.
    at rg (https://systemdesignschool.io/_next/static/chunks/framework-2fe4cb6473b20297.js:9:40173)
    at https://systemdesignschool.io/_next/static/chunks/framework-2fe4cb6473b20297.js:9:100717
    at oI (https://systemdesignschool.io/_next/static/chunks/framework-2fe4cb6473b20297.js:9:106228)
    at oD (https://systemdesignschool.io/_next/static/chunks/framework-2fe4cb6473b20297.js:9:99176)
    at https://systemdesignschool.io/_next/static/chunks/framework-2fe4cb6473b20297.js:9:98983
    at oO (https://systemdesignschool.io/_next/static/chunks/framework-2fe4cb6473b20297.js:9:98990)
    at ox (https://systemdesignschool.io/_next/static/chunks/framework-2fe4cb6473b20297.js:9:94029)
    at x (https://systemdesignschool.io/_next/static/chunks/framework-2fe4cb6473b20297.js:33:1374)
    at MessagePort.T (https://systemdesignschool.io/_next/static/chunks/framework-2fe4cb6473b20297.js:33:1904)
[  160245ms] Error: Minified React error #418; visit https://reactjs.org/docs/error-decoder.html?invariant=418 for the full message or use the non-minified dev environment for full errors and additional helpful warnings.
    at lg (https://systemdesignschool.io/_next/static/chunks/framework-2fe4cb6473b20297.js:9:46426)
    at i (https://systemdesignschool.io/_next/static/chunks/framework-2fe4cb6473b20297.js:9:121163)
    at oD (https://systemdesignschool.io/_next/static/chunks/framework-2fe4cb6473b20297.js:9:99116)
    at https://systemdesignschool.io/_next/static/chunks/framework-2fe4cb6473b20297.js:9:98983
    at oO (https://systemdesignschool.io/_next/static/chunks/framework-2fe4cb6473b20297.js:9:98990)
    at ox (https://systemdesignschool.io/_next/static/chunks/framework-2fe4cb6473b20297.js:9:94029)
    at x (https://systemdesignschool.io/_next/static/chunks/framework-2fe4cb6473b20297.js:33:1374)
    at MessagePort.T (https://systemdesignschool.io/_next/static/chunks/framework-2fe4cb6473b20297.js:33:1904)
[  160246ms] Error: Minified React error #418; visit https://reactjs.org/docs/error-decoder.html?invariant=418 for the full message or use the non-minified dev environment for full errors and additional helpful warnings.
    at lg (https://systemdesignschool.io/_next/static/chunks/framework-2fe4cb6473b20297.js:9:46426)
    at i (https://systemdesignschool.io/_next/static/chunks/framework-2fe4cb6473b20297.js:9:121163)
    at oD (https://systemdesignschool.io/_next/static/chunks/framework-2fe4cb6473b20297.js:9:99116)
    at https://systemdesignschool.io/_next/static/chunks/framework-2fe4cb6473b20297.js:9:98983
    at oO (https://systemdesignschool.io/_next/static/chunks/framework-2fe4cb6473b20297.js:9:98990)
    at ox (https://systemdesignschool.io/_next/static/chunks/framework-2fe4cb6473b20297.js:9:94029)
    at x (https://systemdesignschool.io/_next/static/chunks/framework-2fe4cb6473b20297.js:33:1374)
    at MessagePort.T (https://systemdesignschool.io/_next/static/chunks/framework-2fe4cb6473b20297.js:33:1904)
[  160246ms] Error: Minified React error #418; visit https://reactjs.org/docs/error-decoder.html?invariant=418 for the full message or use the non-minified dev environment for full errors and additional helpful warnings.
    at lg (https://systemdesignschool.io/_next/static/chunks/framework-2fe4cb6473b20297.js:9:46426)
    at i (https://systemdesignschool.io/_next/static/chunks/framework-2fe4cb6473b20297.js:9:121163)
    at oD (https://systemdesignschool.io/_next/static/chunks/framework-2fe4cb6473b20297.js:9:99116)
    at https://systemdesignschool.io/_next/static/chunks/framework-2fe4cb6473b20297.js:9:98983
    at oO (https://systemdesignschool.io/_next/static/chunks/framework-2fe4cb6473b20297.js:9:98990)
    at ox (https://systemdesignschool.io/_next/static/chunks/framework-2fe4cb6473b20297.js:9:94029)
    at x (https://systemdesignschool.io/_next/static/chunks/framework-2fe4cb6473b20297.js:33:1374)
    at MessagePort.T (https://systemdesignschool.io/_next/static/chunks/framework-2fe4cb6473b20297.js:33:1904)
[  160247ms] Error: Minified React error #418; visit https://reactjs.org/docs/error-decoder.html?invariant=418 for the full message or use the non-minified dev environment for full errors and additional helpful warnings.
    at lg (https://systemdesignschool.io/_next/static/chunks/framework-2fe4cb6473b20297.js:9:46426)
    at i (https://systemdesignschool.io/_next/static/chunks/framework-2fe4cb6473b20297.js:9:121163)
    at oD (https://systemdesignschool.io/_next/static/chunks/framework-2fe4cb6473b20297.js:9:99116)
    at https://systemdesignschool.io/_next/static/chunks/framework-2fe4cb6473b20297.js:9:98983
    at oO (https://systemdesignschool.io/_next/static/chunks/framework-2fe4cb6473b20297.js:9:98990)
    at ox (https://systemdesignschool.io/_next/static/chunks/framework-2fe4cb6473b20297.js:9:94029)
    at x (https://systemdesignschool.io/_next/static/chunks/framework-2fe4cb6473b20297.js:33:1374)
    at MessagePort.T (https://systemdesignschool.io/_next/static/chunks/framework-2fe4cb6473b20297.js:33:1904)
[  160247ms] Error: Minified React error #418; visit https://reactjs.org/docs/error-decoder.html?invariant=418 for the full message or use the non-minified dev environment for full errors and additional helpful warnings.
    at lg (https://systemdesignschool.io/_next/static/chunks/framework-2fe4cb6473b20297.js:9:46426)
    at i (https://systemdesignschool.io/_next/static/chunks/framework-2fe4cb6473b20297.js:9:121163)
    at oD (https://systemdesignschool.io/_next/static/chunks/framework-2fe4cb6473b20297.js:9:99116)
    at https://systemdesignschool.io/_next/static/chunks/framework-2fe4cb6473b20297.js:9:98983
    at oO (https://systemdesignschool.io/_next/static/chunks/framework-2fe4cb6473b20297.js:9:98990)
    at ox (https://systemdesignschool.io/_next/static/chunks/framework-2fe4cb6473b20297.js:9:94029)
    at x (https://systemdesignschool.io/_next/static/chunks/framework-2fe4cb6473b20297.js:33:1374)
    at MessagePort.T (https://systemdesignschool.io/_next/static/chunks/framework-2fe4cb6473b20297.js:33:1904)
[  160247ms] Error: Minified React error #418; visit https://reactjs.org/docs/error-decoder.html?invariant=418 for the full message or use the non-minified dev environment for full errors and additional helpful warnings.
    at lg (https://systemdesignschool.io/_next/static/chunks/framework-2fe4cb6473b20297.js:9:46426)
    at i (https://systemdesignschool.io/_next/static/chunks/framework-2fe4cb6473b20297.js:9:121163)
    at oD (https://systemdesignschool.io/_next/static/chunks/framework-2fe4cb6473b20297.js:9:99116)
    at https://systemdesignschool.io/_next/static/chunks/framework-2fe4cb6473b20297.js:9:98983
    at oO (https://systemdesignschool.io/_next/static/chunks/framework-2fe4cb6473b20297.js:9:98990)
    at ox (https://systemdesignschool.io/_next/static/chunks/framework-2fe4cb6473b20297.js:9:94029)
    at x (https://systemdesignschool.io/_next/static/chunks/framework-2fe4cb6473b20297.js:33:1374)
    at MessagePort.T (https://systemdesignschool.io/_next/static/chunks/framework-2fe4cb6473b20297.js:33:1904)
[  160247ms] Error: Minified React error #418; visit https://reactjs.org/docs/error-decoder.html?invariant=418 for the full message or use the non-minified dev environment for full errors and additional helpful warnings.
    at lg (https://systemdesignschool.io/_next/static/chunks/framework-2fe4cb6473b20297.js:9:46426)
    at i (https://systemdesignschool.io/_next/static/chunks/framework-2fe4cb6473b20297.js:9:121163)
    at oD (https://systemdesignschool.io/_next/static/chunks/framework-2fe4cb6473b20297.js:9:99116)
    at https://systemdesignschool.io/_next/static/chunks/framework-2fe4cb6473b20297.js:9:98983
    at oO (https://systemdesignschool.io/_next/static/chunks/framework-2fe4cb6473b20297.js:9:98990)
    at ox (https://systemdesignschool.io/_next/static/chunks/framework-2fe4cb6473b20297.js:9:94029)
    at x (https://systemdesignschool.io/_next/static/chunks/framework-2fe4cb6473b20297.js:33:1374)
    at MessagePort.T (https://systemdesignschool.io/_next/static/chunks/framework-2fe4cb6473b20297.js:33:1904)
[  160248ms] Error: Minified React error #418; visit https://reactjs.org/docs/error-decoder.html?invariant=418 for the full message or use the non-minified dev environment for full errors and additional helpful warnings.
    at lg (https://systemdesignschool.io/_next/static/chunks/framework-2fe4cb6473b20297.js:9:46426)
    at i (https://systemdesignschool.io/_next/static/chunks/framework-2fe4cb6473b20297.js:9:121163)
    at oD (https://systemdesignschool.io/_next/static/chunks/framework-2fe4cb6473b20297.js:9:99116)
    at https://systemdesignschool.io/_next/static/chunks/framework-2fe4cb6473b20297.js:9:98983
    at oO (https://systemdesignschool.io/_next/static/chunks/framework-2fe4cb6473b20297.js:9:98990)
    at ox (https://systemdesignschool.io/_next/static/chunks/framework-2fe4cb6473b20297.js:9:94029)
    at x (https://systemdesignschool.io/_next/static/chunks/framework-2fe4cb6473b20297.js:33:1374)
    at MessagePort.T (https://systemdesignschool.io/_next/static/chunks/framework-2fe4cb6473b20297.js:33:1904)
[  160248ms] Error: Minified React error #418; visit https://reactjs.org/docs/error-decoder.html?invariant=418 for the full message or use the non-minified dev environment for full errors and additional helpful warnings.
    at lg (https://systemdesignschool.io/_next/static/chunks/framework-2fe4cb6473b20297.js:9:46426)
    at i (https://systemdesignschool.io/_next/static/chunks/framework-2fe4cb6473b20297.js:9:121163)
    at oD (https://systemdesignschool.io/_next/static/chunks/framework-2fe4cb6473b20297.js:9:99116)
    at https://systemdesignschool.io/_next/static/chunks/framework-2fe4cb6473b20297.js:9:98983
    at oO (https://systemdesignschool.io/_next/static/chunks/framework-2fe4cb6473b20297.js:9:98990)
    at ox (https://systemdesignschool.io/_next/static/chunks/framework-2fe4cb6473b20297.js:9:94029)
    at x (https://systemdesignschool.io/_next/static/chunks/framework-2fe4cb6473b20297.js:33:1374)
    at MessagePort.T (https://systemdesignschool.io/_next/static/chunks/framework-2fe4cb6473b20297.js:33:1904)
[  160248ms] Error: Minified React error #418; visit https://reactjs.org/docs/error-decoder.html?invariant=418 for the full message or use the non-minified dev environment for full errors and additional helpful warnings.
    at lg (https://systemdesignschool.io/_next/static/chunks/framework-2fe4cb6473b20297.js:9:46426)
    at i (https://systemdesignschool.io/_next/static/chunks/framework-2fe4cb6473b20297.js:9:121163)
    at oD (https://systemdesignschool.io/_next/static/chunks/framework-2fe4cb6473b20297.js:9:99116)
    at https://systemdesignschool.io/_next/static/chunks/framework-2fe4cb6473b20297.js:9:98983
    at oO (https://systemdesignschool.io/_next/static/chunks/framework-2fe4cb6473b20297.js:9:98990)
    at ox (https://systemdesignschool.io/_next/static/chunks/framework-2fe4cb6473b20297.js:9:94029)
    at x (https://systemdesignschool.io/_next/static/chunks/framework-2fe4cb6473b20297.js:33:1374)
    at MessagePort.T (https://systemdesignschool.io/_next/static/chunks/framework-2fe4cb6473b20297.js:33:1904)
[  160248ms] Error: Minified React error #418; visit https://reactjs.org/docs/error-decoder.html?invariant=418 for the full message or use the non-minified dev environment for full errors and additional helpful warnings.
    at lg (https://systemdesignschool.io/_next/static/chunks/framework-2fe4cb6473b20297.js:9:46426)
    at i (https://systemdesignschool.io/_next/static/chunks/framework-2fe4cb6473b20297.js:9:121163)
    at oD (https://systemdesignschool.io/_next/static/chunks/framework-2fe4cb6473b20297.js:9:99116)
    at https://systemdesignschool.io/_next/static/chunks/framework-2fe4cb6473b20297.js:9:98983
    at oO (https://systemdesignschool.io/_next/static/chunks/framework-2fe4cb6473b20297.js:9:98990)
    at ox (https://systemdesignschool.io/_next/static/chunks/framework-2fe4cb6473b20297.js:9:94029)
    at x (https://systemdesignschool.io/_next/static/chunks/framework-2fe4cb6473b20297.js:33:1374)
    at MessagePort.T (https://systemdesignschool.io/_next/static/chunks/framework-2fe4cb6473b20297.js:33:1904)
[  160249ms] Error: Minified React error #418; visit https://reactjs.org/docs/error-decoder.html?invariant=418 for the full message or use the non-minified dev environment for full errors and additional helpful warnings.
    at lg (https://systemdesignschool.io/_next/static/chunks/framework-2fe4cb6473b20297.js:9:46426)
    at i (https://systemdesignschool.io/_next/static/chunks/framework-2fe4cb6473b20297.js:9:121163)
    at oD (https://systemdesignschool.io/_next/static/chunks/framework-2fe4cb6473b20297.js:9:99116)
    at https://systemdesignschool.io/_next/static/chunks/framework-2fe4cb6473b20297.js:9:98983
    at oO (https://systemdesignschool.io/_next/static/chunks/framework-2fe4cb6473b20297.js:9:98990)
    at ox (https://systemdesignschool.io/_next/static/chunks/framework-2fe4cb6473b20297.js:9:94029)
    at x (https://systemdesignschool.io/_next/static/chunks/framework-2fe4cb6473b20297.js:33:1374)
    at MessagePort.T (https://systemdesignschool.io/_next/static/chunks/framework-2fe4cb6473b20297.js:33:1904)
[  160250ms] Error: Minified React error #418; visit https://reactjs.org/docs/error-decoder.html?invariant=418 for the full message or use the non-minified dev environment for full errors and additional helpful warnings.
    at lg (https://systemdesignschool.io/_next/static/chunks/framework-2fe4cb6473b20297.js:9:46426)
    at i (https://systemdesignschool.io/_next/static/chunks/framework-2fe4cb6473b20297.js:9:121163)
    at oD (https://systemdesignschool.io/_next/static/chunks/framework-2fe4cb6473b20297.js:9:99116)
    at https://systemdesignschool.io/_next/static/chunks/framework-2fe4cb6473b20297.js:9:98983
    at oO (https://systemdesignschool.io/_next/static/chunks/framework-2fe4cb6473b20297.js:9:98990)
    at ox (https://systemdesignschool.io/_next/static/chunks/framework-2fe4cb6473b20297.js:9:94029)
    at x (https://systemdesignschool.io/_next/static/chunks/framework-2fe4cb6473b20297.js:33:1374)
    at MessagePort.T (https://systemdesignschool.io/_next/static/chunks/framework-2fe4cb6473b20297.js:33:1904)
[  160251ms] Error: Minified React error #418; visit https://reactjs.org/docs/error-decoder.html?invariant=418 for the full message or use the non-minified dev environment for full errors and additional helpful warnings.
    at lg (https://systemdesignschool.io/_next/static/chunks/framework-2fe4cb6473b20297.js:9:46426)
    at i (https://systemdesignschool.io/_next/static/chunks/framework-2fe4cb6473b20297.js:9:121163)
    at oD (https://systemdesignschool.io/_next/static/chunks/framework-2fe4cb6473b20297.js:9:99116)
    at https://systemdesignschool.io/_next/static/chunks/framework-2fe4cb6473b20297.js:9:98983
    at oO (https://systemdesignschool.io/_next/static/chunks/framework-2fe4cb6473b20297.js:9:98990)
    at ox (https://systemdesignschool.io/_next/static/chunks/framework-2fe4cb6473b20297.js:9:94029)
    at x (https://systemdesignschool.io/_next/static/chunks/framework-2fe4cb6473b20297.js:33:1374)
    at MessagePort.T (https://systemdesignschool.io/_next/static/chunks/framework-2fe4cb6473b20297.js:33:1904)
[  160251ms] Error: Minified React error #418; visit https://reactjs.org/docs/error-decoder.html?invariant=418 for the full message or use the non-minified dev environment for full errors and additional helpful warnings.
    at lg (https://systemdesignschool.io/_next/static/chunks/framework-2fe4cb6473b20297.js:9:46426)
    at i (https://systemdesignschool.io/_next/static/chunks/framework-2fe4cb6473b20297.js:9:121163)
    at oD (https://systemdesignschool.io/_next/static/chunks/framework-2fe4cb6473b20297.js:9:99116)
    at https://systemdesignschool.io/_next/static/chunks/framework-2fe4cb6473b20297.js:9:98983
    at oO (https://systemdesignschool.io/_next/static/chunks/framework-2fe4cb6473b20297.js:9:98990)
    at ox (https://systemdesignschool.io/_next/static/chunks/framework-2fe4cb6473b20297.js:9:94029)
    at x (https://systemdesignschool.io/_next/static/chunks/framework-2fe4cb6473b20297.js:33:1374)
    at MessagePort.T (https://systemdesignschool.io/_next/static/chunks/framework-2fe4cb6473b20297.js:33:1904)
[  160252ms] Error: Minified React error #423; visit https://reactjs.org/docs/error-decoder.html?invariant=423 for the full message or use the non-minified dev environment for full errors and additional helpful warnings.
    at i (https://systemdesignschool.io/_next/static/chunks/framework-2fe4cb6473b20297.js:9:120832)
    at oD (https://systemdesignschool.io/_next/static/chunks/framework-2fe4cb6473b20297.js:9:99116)
    at https://systemdesignschool.io/_next/static/chunks/framework-2fe4cb6473b20297.js:9:98983
    at oO (https://systemdesignschool.io/_next/static/chunks/framework-2fe4cb6473b20297.js:9:98990)
    at oE (https://systemdesignschool.io/_next/static/chunks/framework-2fe4cb6473b20297.js:9:95742)
    at ox (https://systemdesignschool.io/_next/static/chunks/framework-2fe4cb6473b20297.js:9:94297)
    at x (https://systemdesignschool.io/_next/static/chunks/framework-2fe4cb6473b20297.js:33:1374)
    at MessagePort.T (https://systemdesignschool.io/_next/static/chunks/framework-2fe4cb6473b20297.js:33:1904)
[  161661ms] [WARNING] [GSI_LOGGER]: Your client application uses one of the Google One Tap prompt UI status methods that may stop functioning when FedCM becomes mandatory. Refer to the migration guide to update your code accordingly and opt-in to FedCM to test your changes. Learn more: https://developers.google.com/identity/gsi/web/guides/fedcm-migration?s=dc#display_moment and https://developers.google.com/identity/gsi/web/guides/fedcm-migration?s=dc#skipped_moment @ https://accounts.google.com/gsi/client:86
[  161666ms] [ERROR] Not signed in with the identity provider. @ https://systemdesignschool.io/problems/url-shortener/solution:0
[  163880ms] Error: Minified React error #425; visit https://reactjs.org/docs/error-decoder.html?invariant=425 for the full message or use the non-minified dev environment for full errors and additional helpful warnings.
    at rg (https://systemdesignschool.io/_next/static/chunks/framework-2fe4cb6473b20297.js:9:40173)
    at https://systemdesignschool.io/_next/static/chunks/framework-2fe4cb6473b20297.js:9:100717
    at oI (https://systemdesignschool.io/_next/static/chunks/framework-2fe4cb6473b20297.js:9:106228)
    at oD (https://systemdesignschool.io/_next/static/chunks/framework-2fe4cb6473b20297.js:9:99176)
    at https://systemdesignschool.io/_next/static/chunks/framework-2fe4cb6473b20297.js:9:98983
    at oO (https://systemdesignschool.io/_next/static/chunks/framework-2fe4cb6473b20297.js:9:98990)
    at ox (https://systemdesignschool.io/_next/static/chunks/framework-2fe4cb6473b20297.js:9:94029)
    at x (https://systemdesignschool.io/_next/static/chunks/framework-2fe4cb6473b20297.js:33:1374)
    at MessagePort.T (https://systemdesignschool.io/_next/static/chunks/framework-2fe4cb6473b20297.js:33:1904)
[  163881ms] Error: Minified React error #418; visit https://reactjs.org/docs/error-decoder.html?invariant=418 for the full message or use the non-minified dev environment for full errors and additional helpful warnings.
    at lg (https://systemdesignschool.io/_next/static/chunks/framework-2fe4cb6473b20297.js:9:46426)
    at i (https://systemdesignschool.io/_next/static/chunks/framework-2fe4cb6473b20297.js:9:121163)
    at oD (https://systemdesignschool.io/_next/static/chunks/framework-2fe4cb6473b20297.js:9:99116)
    at https://systemdesignschool.io/_next/static/chunks/framework-2fe4cb6473b20297.js:9:98983
    at oO (https://systemdesignschool.io/_next/static/chunks/framework-2fe4cb6473b20297.js:9:98990)
    at ox (https://systemdesignschool.io/_next/static/chunks/framework-2fe4cb6473b20297.js:9:94029)
    at x (https://systemdesignschool.io/_next/static/chunks/framework-2fe4cb6473b20297.js:33:1374)
    at MessagePort.T (https://systemdesignschool.io/_next/static/chunks/framework-2fe4cb6473b20297.js:33:1904)
[  163881ms] Error: Minified React error #418; visit https://reactjs.org/docs/error-decoder.html?invariant=418 for the full message or use the non-minified dev environment for full errors and additional helpful warnings.
    at lg (https://systemdesignschool.io/_next/static/chunks/framework-2fe4cb6473b20297.js:9:46426)
    at i (https://systemdesignschool.io/_next/static/chunks/framework-2fe4cb6473b20297.js:9:121163)
    at oD (https://systemdesignschool.io/_next/static/chunks/framework-2fe4cb6473b20297.js:9:99116)
    at https://systemdesignschool.io/_next/static/chunks/framework-2fe4cb6473b20297.js:9:98983
    at oO (https://systemdesignschool.io/_next/static/chunks/framework-2fe4cb6473b20297.js:9:98990)
    at ox (https://systemdesignschool.io/_next/static/chunks/framework-2fe4cb6473b20297.js:9:94029)
    at x (https://systemdesignschool.io/_next/static/chunks/framework-2fe4cb6473b20297.js:33:1374)
    at MessagePort.T (https://systemdesignschool.io/_next/static/chunks/framework-2fe4cb6473b20297.js:33:1904)
[  163881ms] Error: Minified React error #418; visit https://reactjs.org/docs/error-decoder.html?invariant=418 for the full message or use the non-minified dev environment for full errors and additional helpful warnings.
    at lg (https://systemdesignschool.io/_next/static/chunks/framework-2fe4cb6473b20297.js:9:46426)
    at i (https://systemdesignschool.io/_next/static/chunks/framework-2fe4cb6473b20297.js:9:121163)
    at oD (https://systemdesignschool.io/_next/static/chunks/framework-2fe4cb6473b20297.js:9:99116)
    at https://systemdesignschool.io/_next/static/chunks/framework-2fe4cb6473b20297.js:9:98983
    at oO (https://systemdesignschool.io/_next/static/chunks/framework-2fe4cb6473b20297.js:9:98990)
    at ox (https://systemdesignschool.io/_next/static/chunks/framework-2fe4cb6473b20297.js:9:94029)
    at x (https://systemdesignschool.io/_next/static/chunks/framework-2fe4cb6473b20297.js:33:1374)
    at MessagePort.T (https://systemdesignschool.io/_next/static/chunks/framework-2fe4cb6473b20297.js:33:1904)
[  163881ms] Error: Minified React error #418; visit https://reactjs.org/docs/error-decoder.html?invariant=418 for the full message or use the non-minified dev environment for full errors and additional helpful warnings.
    at lg (https://systemdesignschool.io/_next/static/chunks/framework-2fe4cb6473b20297.js:9:46426)
    at i (https://systemdesignschool.io/_next/static/chunks/framework-2fe4cb6473b20297.js:9:121163)
    at oD (https://systemdesignschool.io/_next/static/chunks/framework-2fe4cb6473b20297.js:9:99116)
    at https://systemdesignschool.io/_next/static/chunks/framework-2fe4cb6473b20297.js:9:98983
    at oO (https://systemdesignschool.io/_next/static/chunks/framework-2fe4cb6473b20297.js:9:98990)
    at ox (https://systemdesignschool.io/_next/static/chunks/framework-2fe4cb6473b20297.js:9:94029)
    at x (https://systemdesignschool.io/_next/static/chunks/framework-2fe4cb6473b20297.js:33:1374)
    at MessagePort.T (https://systemdesignschool.io/_next/static/chunks/framework-2fe4cb6473b20297.js:33:1904)
[  163882ms] Error: Minified React error #418; visit https://reactjs.org/docs/error-decoder.html?invariant=418 for the full message or use the non-minified dev environment for full errors and additional helpful warnings.
    at lg (https://systemdesignschool.io/_next/static/chunks/framework-2fe4cb6473b20297.js:9:46426)
    at i (https://systemdesignschool.io/_next/static/chunks/framework-2fe4cb6473b20297.js:9:121163)
    at oD (https://systemdesignschool.io/_next/static/chunks/framework-2fe4cb6473b20297.js:9:99116)
    at https://systemdesignschool.io/_next/static/chunks/framework-2fe4cb6473b20297.js:9:98983
    at oO (https://systemdesignschool.io/_next/static/chunks/framework-2fe4cb6473b20297.js:9:98990)
    at ox (https://systemdesignschool.io/_next/static/chunks/framework-2fe4cb6473b20297.js:9:94029)
    at x (https://systemdesignschool.io/_next/static/chunks/framework-2fe4cb6473b20297.js:33:1374)
    at MessagePort.T (https://systemdesignschool.io/_next/static/chunks/framework-2fe4cb6473b20297.js:33:1904)
[  163882ms] Error: Minified React error #418; visit https://reactjs.org/docs/error-decoder.html?invariant=418 for the full message or use the non-minified dev environment for full errors and additional helpful warnings.
    at lg (https://systemdesignschool.io/_next/static/chunks/framework-2fe4cb6473b20297.js:9:46426)
    at i (https://systemdesignschool.io/_next/static/chunks/framework-2fe4cb6473b20297.js:9:121163)
    at oD (https://systemdesignschool.io/_next/static/chunks/framework-2fe4cb6473b20297.js:9:99116)
    at https://systemdesignschool.io/_next/static/chunks/framework-2fe4cb6473b20297.js:9:98983
    at oO (https://systemdesignschool.io/_next/static/chunks/framework-2fe4cb6473b20297.js:9:98990)
    at ox (https://systemdesignschool.io/_next/static/chunks/framework-2fe4cb6473b20297.js:9:94029)
    at x (https://systemdesignschool.io/_next/static/chunks/framework-2fe4cb6473b20297.js:33:1374)
    at MessagePort.T (https://systemdesignschool.io/_next/static/chunks/framework-2fe4cb6473b20297.js:33:1904)
[  163882ms] Error: Minified React error #423; visit https://reactjs.org/docs/error-decoder.html?invariant=423 for the full message or use the non-minified dev environment for full errors and additional helpful warnings.
    at i (https://systemdesignschool.io/_next/static/chunks/framework-2fe4cb6473b20297.js:9:120832)
    at oD (https://systemdesignschool.io/_next/static/chunks/framework-2fe4cb6473b20297.js:9:99116)
    at https://systemdesignschool.io/_next/static/chunks/framework-2fe4cb6473b20297.js:9:98983
    at oO (https://systemdesignschool.io/_next/static/chunks/framework-2fe4cb6473b20297.js:9:98990)
    at oE (https://systemdesignschool.io/_next/static/chunks/framework-2fe4cb6473b20297.js:9:95742)
    at ox (https://systemdesignschool.io/_next/static/chunks/framework-2fe4cb6473b20297.js:9:94297)
    at x (https://systemdesignschool.io/_next/static/chunks/framework-2fe4cb6473b20297.js:33:1374)
    at MessagePort.T (https://systemdesignschool.io/_next/static/chunks/framework-2fe4cb6473b20297.js:33:1904)
[  166828ms] Error: Minified React error #425; visit https://reactjs.org/docs/error-decoder.html?invariant=425 for the full message or use the non-minified dev environment for full errors and additional helpful warnings.
    at rg (https://systemdesignschool.io/_next/static/chunks/framework-2fe4cb6473b20297.js:9:40173)
    at https://systemdesignschool.io/_next/static/chunks/framework-2fe4cb6473b20297.js:9:100717
    at oI (https://systemdesignschool.io/_next/static/chunks/framework-2fe4cb6473b20297.js:9:106228)
    at oD (https://systemdesignschool.io/_next/static/chunks/framework-2fe4cb6473b20297.js:9:99176)
    at https://systemdesignschool.io/_next/static/chunks/framework-2fe4cb6473b20297.js:9:98983
    at oO (https://systemdesignschool.io/_next/static/chunks/framework-2fe4cb6473b20297.js:9:98990)
    at ox (https://systemdesignschool.io/_next/static/chunks/framework-2fe4cb6473b20297.js:9:94029)
    at x (https://systemdesignschool.io/_next/static/chunks/framework-2fe4cb6473b20297.js:33:1374)
    at MessagePort.T (https://systemdesignschool.io/_next/static/chunks/framework-2fe4cb6473b20297.js:33:1904)
[  166829ms] Error: Minified React error #418; visit https://reactjs.org/docs/error-decoder.html?invariant=418 for the full message or use the non-minified dev environment for full errors and additional helpful warnings.
    at lg (https://systemdesignschool.io/_next/static/chunks/framework-2fe4cb6473b20297.js:9:46426)
    at i (https://systemdesignschool.io/_next/static/chunks/framework-2fe4cb6473b20297.js:9:121163)
    at oD (https://systemdesignschool.io/_next/static/chunks/framework-2fe4cb6473b20297.js:9:99116)
    at https://systemdesignschool.io/_next/static/chunks/framework-2fe4cb6473b20297.js:9:98983
    at oO (https://systemdesignschool.io/_next/static/chunks/framework-2fe4cb6473b20297.js:9:98990)
    at ox (https://systemdesignschool.io/_next/static/chunks/framework-2fe4cb6473b20297.js:9:94029)
    at x (https://systemdesignschool.io/_next/static/chunks/framework-2fe4cb6473b20297.js:33:1374)
    at MessagePort.T (https://systemdesignschool.io/_next/static/chunks/framework-2fe4cb6473b20297.js:33:1904)
[  166829ms] Error: Minified React error #418; visit https://reactjs.org/docs/error-decoder.html?invariant=418 for the full message or use the non-minified dev environment for full errors and additional helpful warnings.
    at lg (https://systemdesignschool.io/_next/static/chunks/framework-2fe4cb6473b20297.js:9:46426)
    at i (https://systemdesignschool.io/_next/static/chunks/framework-2fe4cb6473b20297.js:9:121163)
    at oD (https://systemdesignschool.io/_next/static/chunks/framework-2fe4cb6473b20297.js:9:99116)
    at https://systemdesignschool.io/_next/static/chunks/framework-2fe4cb6473b20297.js:9:98983
    at oO (https://systemdesignschool.io/_next/static/chunks/framework-2fe4cb6473b20297.js:9:98990)
    at ox (https://systemdesignschool.io/_next/static/chunks/framework-2fe4cb6473b20297.js:9:94029)
    at x (https://systemdesignschool.io/_next/static/chunks/framework-2fe4cb6473b20297.js:33:1374)
    at MessagePort.T (https://systemdesignschool.io/_next/static/chunks/framework-2fe4cb6473b20297.js:33:1904)
[  166830ms] Error: Minified React error #418; visit https://reactjs.org/docs/error-decoder.html?invariant=418 for the full message or use the non-minified dev environment for full errors and additional helpful warnings.
    at lg (https://systemdesignschool.io/_next/static/chunks/framework-2fe4cb6473b20297.js:9:46426)
    at i (https://systemdesignschool.io/_next/static/chunks/framework-2fe4cb6473b20297.js:9:121163)
    at oD (https://systemdesignschool.io/_next/static/chunks/framework-2fe4cb6473b20297.js:9:99116)
    at https://systemdesignschool.io/_next/static/chunks/framework-2fe4cb6473b20297.js:9:98983
    at oO (https://systemdesignschool.io/_next/static/chunks/framework-2fe4cb6473b20297.js:9:98990)
    at ox (https://systemdesignschool.io/_next/static/chunks/framework-2fe4cb6473b20297.js:9:94029)
    at x (https://systemdesignschool.io/_next/static/chunks/framework-2fe4cb6473b20297.js:33:1374)
    at MessagePort.T (https://systemdesignschool.io/_next/static/chunks/framework-2fe4cb6473b20297.js:33:1904)
[  166831ms] Error: Minified React error #418; visit https://reactjs.org/docs/error-decoder.html?invariant=418 for the full message or use the non-minified dev environment for full errors and additional helpful warnings.
    at lg (https://systemdesignschool.io/_next/static/chunks/framework-2fe4cb6473b20297.js:9:46426)
    at i (https://systemdesignschool.io/_next/static/chunks/framework-2fe4cb6473b20297.js:9:121163)
    at oD (https://systemdesignschool.io/_next/static/chunks/framework-2fe4cb6473b20297.js:9:99116)
    at https://systemdesignschool.io/_next/static/chunks/framework-2fe4cb6473b20297.js:9:98983
    at oO (https://systemdesignschool.io/_next/static/chunks/framework-2fe4cb6473b20297.js:9:98990)
    at ox (https://systemdesignschool.io/_next/static/chunks/framework-2fe4cb6473b20297.js:9:94029)
    at x (https://systemdesignschool.io/_next/static/chunks/framework-2fe4cb6473b20297.js:33:1374)
    at MessagePort.T (https://systemdesignschool.io/_next/static/chunks/framework-2fe4cb6473b20297.js:33:1904)
[  166831ms] Error: Minified React error #418; visit https://reactjs.org/docs/error-decoder.html?invariant=418 for the full message or use the non-minified dev environment for full errors and additional helpful warnings.
    at lg (https://systemdesignschool.io/_next/static/chunks/framework-2fe4cb6473b20297.js:9:46426)
    at i (https://systemdesignschool.io/_next/static/chunks/framework-2fe4cb6473b20297.js:9:121163)
    at oD (https://systemdesignschool.io/_next/static/chunks/framework-2fe4cb6473b20297.js:9:99116)
    at https://systemdesignschool.io/_next/static/chunks/framework-2fe4cb6473b20297.js:9:98983
    at oO (https://systemdesignschool.io/_next/static/chunks/framework-2fe4cb6473b20297.js:9:98990)
    at ox (https://systemdesignschool.io/_next/static/chunks/framework-2fe4cb6473b20297.js:9:94029)
    at x (https://systemdesignschool.io/_next/static/chunks/framework-2fe4cb6473b20297.js:33:1374)
    at MessagePort.T (https://systemdesignschool.io/_next/static/chunks/framework-2fe4cb6473b20297.js:33:1904)
[  166831ms] Error: Minified React error #418; visit https://reactjs.org/docs/error-decoder.html?invariant=418 for the full message or use the non-minified dev environment for full errors and additional helpful warnings.
    at lg (https://systemdesignschool.io/_next/static/chunks/framework-2fe4cb6473b20297.js:9:46426)
    at i (https://systemdesignschool.io/_next/static/chunks/framework-2fe4cb6473b20297.js:9:121163)
    at oD (https://systemdesignschool.io/_next/static/chunks/framework-2fe4cb6473b20297.js:9:99116)
    at https://systemdesignschool.io/_next/static/chunks/framework-2fe4cb6473b20297.js:9:98983
    at oO (https://systemdesignschool.io/_next/static/chunks/framework-2fe4cb6473b20297.js:9:98990)
    at ox (https://systemdesignschool.io/_next/static/chunks/framework-2fe4cb6473b20297.js:9:94029)
    at x (https://systemdesignschool.io/_next/static/chunks/framework-2fe4cb6473b20297.js:33:1374)
    at MessagePort.T (https://systemdesignschool.io/_next/static/chunks/framework-2fe4cb6473b20297.js:33:1904)
[  166831ms] Error: Minified React error #418; visit https://reactjs.org/docs/error-decoder.html?invariant=418 for the full message or use the non-minified dev environment for full errors and additional helpful warnings.
    at lg (https://systemdesignschool.io/_next/static/chunks/framework-2fe4cb6473b20297.js:9:46426)
    at i (https://systemdesignschool.io/_next/static/chunks/framework-2fe4cb6473b20297.js:9:121163)
    at oD (https://systemdesignschool.io/_next/static/chunks/framework-2fe4cb6473b20297.js:9:99116)
    at https://systemdesignschool.io/_next/static/chunks/framework-2fe4cb6473b20297.js:9:98983
    at oO (https://systemdesignschool.io/_next/static/chunks/framework-2fe4cb6473b20297.js:9:98990)
    at ox (https://systemdesignschool.io/_next/static/chunks/framework-2fe4cb6473b20297.js:9:94029)
    at x (https://systemdesignschool.io/_next/static/chunks/framework-2fe4cb6473b20297.js:33:1374)
    at MessagePort.T (https://systemdesignschool.io/_next/static/chunks/framework-2fe4cb6473b20297.js:33:1904)
[  166831ms] Error: Minified React error #423; visit https://reactjs.org/docs/error-decoder.html?invariant=423 for the full message or use the non-minified dev environment for full errors and additional helpful warnings.
    at i (https://systemdesignschool.io/_next/static/chunks/framework-2fe4cb6473b20297.js:9:120832)
    at oD (https://systemdesignschool.io/_next/static/chunks/framework-2fe4cb6473b20297.js:9:99116)
    at https://systemdesignschool.io/_next/static/chunks/framework-2fe4cb6473b20297.js:9:98983
    at oO (https://systemdesignschool.io/_next/static/chunks/framework-2fe4cb6473b20297.js:9:98990)
    at oE (https://systemdesignschool.io/_next/static/chunks/framework-2fe4cb6473b20297.js:9:95742)
    at ox (https://systemdesignschool.io/_next/static/chunks/framework-2fe4cb6473b20297.js:9:94297)
    at x (https://systemdesignschool.io/_next/static/chunks/framework-2fe4cb6473b20297.js:33:1374)
    at MessagePort.T (https://systemdesignschool.io/_next/static/chunks/framework-2fe4cb6473b20297.js:33:1904)
[  168096ms] [WARNING] [GSI_LOGGER]: Your client application uses one of the Google One Tap prompt UI status methods that may stop functioning when FedCM becomes mandatory. Refer to the migration guide to update your code accordingly and opt-in to FedCM to test your changes. Learn more: https://developers.google.com/identity/gsi/web/guides/fedcm-migration?s=dc#display_moment and https://developers.google.com/identity/gsi/web/guides/fedcm-migration?s=dc#skipped_moment @ https://accounts.google.com/gsi/client:86
[  168100ms] [ERROR] Not signed in with the identity provider. @ https://systemdesignschool.io/problems/webhook/solution:0
[  180839ms] Error: Minified React error #425; visit https://reactjs.org/docs/error-decoder.html?invariant=425 for the full message or use the non-minified dev environment for full errors and additional helpful warnings.
    at rg (https://systemdesignschool.io/_next/static/chunks/framework-2fe4cb6473b20297.js:9:40173)
    at https://systemdesignschool.io/_next/static/chunks/framework-2fe4cb6473b20297.js:9:100717
    at oI (https://systemdesignschool.io/_next/static/chunks/framework-2fe4cb6473b20297.js:9:106228)
    at oD (https://systemdesignschool.io/_next/static/chunks/framework-2fe4cb6473b20297.js:9:99176)
    at https://systemdesignschool.io/_next/static/chunks/framework-2fe4cb6473b20297.js:9:98983
    at oO (https://systemdesignschool.io/_next/static/chunks/framework-2fe4cb6473b20297.js:9:98990)
    at ox (https://systemdesignschool.io/_next/static/chunks/framework-2fe4cb6473b20297.js:9:94029)
    at x (https://systemdesignschool.io/_next/static/chunks/framework-2fe4cb6473b20297.js:33:1374)
    at MessagePort.T (https://systemdesignschool.io/_next/static/chunks/framework-2fe4cb6473b20297.js:33:1904)
[  180840ms] Error: Minified React error #418; visit https://reactjs.org/docs/error-decoder.html?invariant=418 for the full message or use the non-minified dev environment for full errors and additional helpful warnings.
    at lg (https://systemdesignschool.io/_next/static/chunks/framework-2fe4cb6473b20297.js:9:46426)
    at i (https://systemdesignschool.io/_next/static/chunks/framework-2fe4cb6473b20297.js:9:121163)
    at oD (https://systemdesignschool.io/_next/static/chunks/framework-2fe4cb6473b20297.js:9:99116)
    at https://systemdesignschool.io/_next/static/chunks/framework-2fe4cb6473b20297.js:9:98983
    at oO (https://systemdesignschool.io/_next/static/chunks/framework-2fe4cb6473b20297.js:9:98990)
    at ox (https://systemdesignschool.io/_next/static/chunks/framework-2fe4cb6473b20297.js:9:94029)
    at x (https://systemdesignschool.io/_next/static/chunks/framework-2fe4cb6473b20297.js:33:1374)
    at MessagePort.T (https://systemdesignschool.io/_next/static/chunks/framework-2fe4cb6473b20297.js:33:1904)
[  180840ms] Error: Minified React error #418; visit https://reactjs.org/docs/error-decoder.html?invariant=418 for the full message or use the non-minified dev environment for full errors and additional helpful warnings.
    at lg (https://systemdesignschool.io/_next/static/chunks/framework-2fe4cb6473b20297.js:9:46426)
    at i (https://systemdesignschool.io/_next/static/chunks/framework-2fe4cb6473b20297.js:9:121163)
    at oD (https://systemdesignschool.io/_next/static/chunks/framework-2fe4cb6473b20297.js:9:99116)
    at https://systemdesignschool.io/_next/static/chunks/framework-2fe4cb6473b20297.js:9:98983
    at oO (https://systemdesignschool.io/_next/static/chunks/framework-2fe4cb6473b20297.js:9:98990)
    at ox (https://systemdesignschool.io/_next/static/chunks/framework-2fe4cb6473b20297.js:9:94029)
    at x (https://systemdesignschool.io/_next/static/chunks/framework-2fe4cb6473b20297.js:33:1374)
    at MessagePort.T (https://systemdesignschool.io/_next/static/chunks/framework-2fe4cb6473b20297.js:33:1904)
[  180840ms] Error: Minified React error #418; visit https://reactjs.org/docs/error-decoder.html?invariant=418 for the full message or use the non-minified dev environment for full errors and additional helpful warnings.
    at lg (https://systemdesignschool.io/_next/static/chunks/framework-2fe4cb6473b20297.js:9:46426)
    at i (https://systemdesignschool.io/_next/static/chunks/framework-2fe4cb6473b20297.js:9:121163)
    at oD (https://systemdesignschool.io/_next/static/chunks/framework-2fe4cb6473b20297.js:9:99116)
    at https://systemdesignschool.io/_next/static/chunks/framework-2fe4cb6473b20297.js:9:98983
    at oO (https://systemdesignschool.io/_next/static/chunks/framework-2fe4cb6473b20297.js:9:98990)
    at ox (https://systemdesignschool.io/_next/static/chunks/framework-2fe4cb6473b20297.js:9:94029)
    at x (https://systemdesignschool.io/_next/static/chunks/framework-2fe4cb6473b20297.js:33:1374)
    at MessagePort.T (https://systemdesignschool.io/_next/static/chunks/framework-2fe4cb6473b20297.js:33:1904)
[  180840ms] Error: Minified React error #418; visit https://reactjs.org/docs/error-decoder.html?invariant=418 for the full message or use the non-minified dev environment for full errors and additional helpful warnings.
    at lg (https://systemdesignschool.io/_next/static/chunks/framework-2fe4cb6473b20297.js:9:46426)
    at i (https://systemdesignschool.io/_next/static/chunks/framework-2fe4cb6473b20297.js:9:121163)
    at oD (https://systemdesignschool.io/_next/static/chunks/framework-2fe4cb6473b20297.js:9:99116)
    at https://systemdesignschool.io/_next/static/chunks/framework-2fe4cb6473b20297.js:9:98983
    at oO (https://systemdesignschool.io/_next/static/chunks/framework-2fe4cb6473b20297.js:9:98990)
    at ox (https://systemdesignschool.io/_next/static/chunks/framework-2fe4cb6473b20297.js:9:94029)
    at x (https://systemdesignschool.io/_next/static/chunks/framework-2fe4cb6473b20297.js:33:1374)
    at MessagePort.T (https://systemdesignschool.io/_next/static/chunks/framework-2fe4cb6473b20297.js:33:1904)
[  180840ms] Error: Minified React error #418; visit https://reactjs.org/docs/error-decoder.html?invariant=418 for the full message or use the non-minified dev environment for full errors and additional helpful warnings.
    at lg (https://systemdesignschool.io/_next/static/chunks/framework-2fe4cb6473b20297.js:9:46426)
    at i (https://systemdesignschool.io/_next/static/chunks/framework-2fe4cb6473b20297.js:9:121163)
    at oD (https://systemdesignschool.io/_next/static/chunks/framework-2fe4cb6473b20297.js:9:99116)
    at https://systemdesignschool.io/_next/static/chunks/framework-2fe4cb6473b20297.js:9:98983
    at oO (https://systemdesignschool.io/_next/static/chunks/framework-2fe4cb6473b20297.js:9:98990)
    at ox (https://systemdesignschool.io/_next/static/chunks/framework-2fe4cb6473b20297.js:9:94029)
    at x (https://systemdesignschool.io/_next/static/chunks/framework-2fe4cb6473b20297.js:33:1374)
    at MessagePort.T (https://systemdesignschool.io/_next/static/chunks/framework-2fe4cb6473b20297.js:33:1904)
[  180840ms] Error: Minified React error #418; visit https://reactjs.org/docs/error-decoder.html?invariant=418 for the full message or use the non-minified dev environment for full errors and additional helpful warnings.
    at lg (https://systemdesignschool.io/_next/static/chunks/framework-2fe4cb6473b20297.js:9:46426)
    at i (https://systemdesignschool.io/_next/static/chunks/framework-2fe4cb6473b20297.js:9:121163)
    at oD (https://systemdesignschool.io/_next/static/chunks/framework-2fe4cb6473b20297.js:9:99116)
    at https://systemdesignschool.io/_next/static/chunks/framework-2fe4cb6473b20297.js:9:98983
    at oO (https://systemdesignschool.io/_next/static/chunks/framework-2fe4cb6473b20297.js:9:98990)
    at ox (https://systemdesignschool.io/_next/static/chunks/framework-2fe4cb6473b20297.js:9:94029)
    at x (https://systemdesignschool.io/_next/static/chunks/framework-2fe4cb6473b20297.js:33:1374)
    at MessagePort.T (https://systemdesignschool.io/_next/static/chunks/framework-2fe4cb6473b20297.js:33:1904)
[  180841ms] Error: Minified React error #418; visit https://reactjs.org/docs/error-decoder.html?invariant=418 for the full message or use the non-minified dev environment for full errors and additional helpful warnings.
    at lg (https://systemdesignschool.io/_next/static/chunks/framework-2fe4cb6473b20297.js:9:46426)
    at i (https://systemdesignschool.io/_next/static/chunks/framework-2fe4cb6473b20297.js:9:121163)
    at oD (https://systemdesignschool.io/_next/static/chunks/framework-2fe4cb6473b20297.js:9:99116)
    at https://systemdesignschool.io/_next/static/chunks/framework-2fe4cb6473b20297.js:9:98983
    at oO (https://systemdesignschool.io/_next/static/chunks/framework-2fe4cb6473b20297.js:9:98990)
    at ox (https://systemdesignschool.io/_next/static/chunks/framework-2fe4cb6473b20297.js:9:94029)
    at x (https://systemdesignschool.io/_next/static/chunks/framework-2fe4cb6473b20297.js:33:1374)
    at MessagePort.T (https://systemdesignschool.io/_next/static/chunks/framework-2fe4cb6473b20297.js:33:1904)
[  180841ms] Error: Minified React error #418; visit https://reactjs.org/docs/error-decoder.html?invariant=418 for the full message or use the non-minified dev environment for full errors and additional helpful warnings.
    at lg (https://systemdesignschool.io/_next/static/chunks/framework-2fe4cb6473b20297.js:9:46426)
    at i (https://systemdesignschool.io/_next/static/chunks/framework-2fe4cb6473b20297.js:9:121163)
    at oD (https://systemdesignschool.io/_next/static/chunks/framework-2fe4cb6473b20297.js:9:99116)
    at https://systemdesignschool.io/_next/static/chunks/framework-2fe4cb6473b20297.js:9:98983
    at oO (https://systemdesignschool.io/_next/static/chunks/framework-2fe4cb6473b20297.js:9:98990)
    at ox (https://systemdesignschool.io/_next/static/chunks/framework-2fe4cb6473b20297.js:9:94029)
    at x (https://systemdesignschool.io/_next/static/chunks/framework-2fe4cb6473b20297.js:33:1374)
    at MessagePort.T (https://systemdesignschool.io/_next/static/chunks/framework-2fe4cb6473b20297.js:33:1904)
[  180842ms] Error: Minified React error #418; visit https://reactjs.org/docs/error-decoder.html?invariant=418 for the full message or use the non-minified dev environment for full errors and additional helpful warnings.
    at lg (https://systemdesignschool.io/_next/static/chunks/framework-2fe4cb6473b20297.js:9:46426)
    at i (https://systemdesignschool.io/_next/static/chunks/framework-2fe4cb6473b20297.js:9:121163)
    at oD (https://systemdesignschool.io/_next/static/chunks/framework-2fe4cb6473b20297.js:9:99116)
    at https://systemdesignschool.io/_next/static/chunks/framework-2fe4cb6473b20297.js:9:98983
    at oO (https://systemdesignschool.io/_next/static/chunks/framework-2fe4cb6473b20297.js:9:98990)
    at ox (https://systemdesignschool.io/_next/static/chunks/framework-2fe4cb6473b20297.js:9:94029)
    at x (https://systemdesignschool.io/_next/static/chunks/framework-2fe4cb6473b20297.js:33:1374)
    at MessagePort.T (https://systemdesignschool.io/_next/static/chunks/framework-2fe4cb6473b20297.js:33:1904)
[  180842ms] Error: Minified React error #418; visit https://reactjs.org/docs/error-decoder.html?invariant=418 for the full message or use the non-minified dev environment for full errors and additional helpful warnings.
    at lg (https://systemdesignschool.io/_next/static/chunks/framework-2fe4cb6473b20297.js:9:46426)
    at i (https://systemdesignschool.io/_next/static/chunks/framework-2fe4cb6473b20297.js:9:121163)
    at oD (https://systemdesignschool.io/_next/static/chunks/framework-2fe4cb6473b20297.js:9:99116)
    at https://systemdesignschool.io/_next/static/chunks/framework-2fe4cb6473b20297.js:9:98983
    at oO (https://systemdesignschool.io/_next/static/chunks/framework-2fe4cb6473b20297.js:9:98990)
    at ox (https://systemdesignschool.io/_next/static/chunks/framework-2fe4cb6473b20297.js:9:94029)
    at x (https://systemdesignschool.io/_next/static/chunks/framework-2fe4cb6473b20297.js:33:1374)
    at MessagePort.T (https://systemdesignschool.io/_next/static/chunks/framework-2fe4cb6473b20297.js:33:1904)
[  180842ms] Error: Minified React error #418; visit https://reactjs.org/docs/error-decoder.html?invariant=418 for the full message or use the non-minified dev environment for full errors and additional helpful warnings.
    at lg (https://systemdesignschool.io/_next/static/chunks/framework-2fe4cb6473b20297.js:9:46426)
    at i (https://systemdesignschool.io/_next/static/chunks/framework-2fe4cb6473b20297.js:9:121163)
    at oD (https://systemdesignschool.io/_next/static/chunks/framework-2fe4cb6473b20297.js:9:99116)
    at https://systemdesignschool.io/_next/static/chunks/framework-2fe4cb6473b20297.js:9:98983
    at oO (https://systemdesignschool.io/_next/static/chunks/framework-2fe4cb6473b20297.js:9:98990)
    at ox (https://systemdesignschool.io/_next/static/chunks/framework-2fe4cb6473b20297.js:9:94029)
    at x (https://systemdesignschool.io/_next/static/chunks/framework-2fe4cb6473b20297.js:33:1374)
    at MessagePort.T (https://systemdesignschool.io/_next/static/chunks/framework-2fe4cb6473b20297.js:33:1904)
[  180842ms] Error: Minified React error #418; visit https://reactjs.org/docs/error-decoder.html?invariant=418 for the full message or use the non-minified dev environment for full errors and additional helpful warnings.
    at lg (https://systemdesignschool.io/_next/static/chunks/framework-2fe4cb6473b20297.js:9:46426)
    at i (https://systemdesignschool.io/_next/static/chunks/framework-2fe4cb6473b20297.js:9:121163)
    at oD (https://systemdesignschool.io/_next/static/chunks/framework-2fe4cb6473b20297.js:9:99116)
    at https://systemdesignschool.io/_next/static/chunks/framework-2fe4cb6473b20297.js:9:98983
    at oO (https://systemdesignschool.io/_next/static/chunks/framework-2fe4cb6473b20297.js:9:98990)
    at ox (https://systemdesignschool.io/_next/static/chunks/framework-2fe4cb6473b20297.js:9:94029)
    at x (https://systemdesignschool.io/_next/static/chunks/framework-2fe4cb6473b20297.js:33:1374)
    at MessagePort.T (https://systemdesignschool.io/_next/static/chunks/framework-2fe4cb6473b20297.js:33:1904)
[  180842ms] Error: Minified React error #423; visit https://reactjs.org/docs/error-decoder.html?invariant=423 for the full message or use the non-minified dev environment for full errors and additional helpful warnings.
    at i (https://systemdesignschool.io/_next/static/chunks/framework-2fe4cb6473b20297.js:9:120832)
    at oD (https://systemdesignschool.io/_next/static/chunks/framework-2fe4cb6473b20297.js:9:99116)
    at https://systemdesignschool.io/_next/static/chunks/framework-2fe4cb6473b20297.js:9:98983
    at oO (https://systemdesignschool.io/_next/static/chunks/framework-2fe4cb6473b20297.js:9:98990)
    at oE (https://systemdesignschool.io/_next/static/chunks/framework-2fe4cb6473b20297.js:9:95742)
    at ox (https://systemdesignschool.io/_next/static/chunks/framework-2fe4cb6473b20297.js:9:94297)
    at x (https://systemdesignschool.io/_next/static/chunks/framework-2fe4cb6473b20297.js:33:1374)
    at MessagePort.T (https://systemdesignschool.io/_next/static/chunks/framework-2fe4cb6473b20297.js:33:1904)
[  183368ms] [WARNING] [GSI_LOGGER]: Your client application uses one of the Google One Tap prompt UI status methods that may stop functioning when FedCM becomes mandatory. Refer to the migration guide to update your code accordingly and opt-in to FedCM to test your changes. Learn more: https://developers.google.com/identity/gsi/web/guides/fedcm-migration?s=dc#display_moment and https://developers.google.com/identity/gsi/web/guides/fedcm-migration?s=dc#skipped_moment @ https://accounts.google.com/gsi/client:86
[  183377ms] [ERROR] Not signed in with the identity provider. @ https://systemdesignschool.io/problems/leetcode/solution:0
[  185061ms] Error: Minified React error #425; visit https://reactjs.org/docs/error-decoder.html?invariant=425 for the full message or use the non-minified dev environment for full errors and additional helpful warnings.
    at rg (https://systemdesignschool.io/_next/static/chunks/framework-2fe4cb6473b20297.js:9:40173)
    at https://systemdesignschool.io/_next/static/chunks/framework-2fe4cb6473b20297.js:9:100717
    at oI (https://systemdesignschool.io/_next/static/chunks/framework-2fe4cb6473b20297.js:9:106228)
    at oD (https://systemdesignschool.io/_next/static/chunks/framework-2fe4cb6473b20297.js:9:99176)
    at https://systemdesignschool.io/_next/static/chunks/framework-2fe4cb6473b20297.js:9:98983
    at oO (https://systemdesignschool.io/_next/static/chunks/framework-2fe4cb6473b20297.js:9:98990)
    at ox (https://systemdesignschool.io/_next/static/chunks/framework-2fe4cb6473b20297.js:9:94029)
    at x (https://systemdesignschool.io/_next/static/chunks/framework-2fe4cb6473b20297.js:33:1374)
    at MessagePort.T (https://systemdesignschool.io/_next/static/chunks/framework-2fe4cb6473b20297.js:33:1904)
[  185061ms] Error: Minified React error #418; visit https://reactjs.org/docs/error-decoder.html?invariant=418 for the full message or use the non-minified dev environment for full errors and additional helpful warnings.
    at lg (https://systemdesignschool.io/_next/static/chunks/framework-2fe4cb6473b20297.js:9:46426)
    at i (https://systemdesignschool.io/_next/static/chunks/framework-2fe4cb6473b20297.js:9:121163)
    at oD (https://systemdesignschool.io/_next/static/chunks/framework-2fe4cb6473b20297.js:9:99116)
    at https://systemdesignschool.io/_next/static/chunks/framework-2fe4cb6473b20297.js:9:98983
    at oO (https://systemdesignschool.io/_next/static/chunks/framework-2fe4cb6473b20297.js:9:98990)
    at ox (https://systemdesignschool.io/_next/static/chunks/framework-2fe4cb6473b20297.js:9:94029)
    at x (https://systemdesignschool.io/_next/static/chunks/framework-2fe4cb6473b20297.js:33:1374)
    at MessagePort.T (https://systemdesignschool.io/_next/static/chunks/framework-2fe4cb6473b20297.js:33:1904)
[  185062ms] Error: Minified React error #418; visit https://reactjs.org/docs/error-decoder.html?invariant=418 for the full message or use the non-minified dev environment for full errors and additional helpful warnings.
    at lg (https://systemdesignschool.io/_next/static/chunks/framework-2fe4cb6473b20297.js:9:46426)
    at i (https://systemdesignschool.io/_next/static/chunks/framework-2fe4cb6473b20297.js:9:121163)
    at oD (https://systemdesignschool.io/_next/static/chunks/framework-2fe4cb6473b20297.js:9:99116)
    at https://systemdesignschool.io/_next/static/chunks/framework-2fe4cb6473b20297.js:9:98983
    at oO (https://systemdesignschool.io/_next/static/chunks/framework-2fe4cb6473b20297.js:9:98990)
    at ox (https://systemdesignschool.io/_next/static/chunks/framework-2fe4cb6473b20297.js:9:94029)
    at x (https://systemdesignschool.io/_next/static/chunks/framework-2fe4cb6473b20297.js:33:1374)
    at MessagePort.T (https://systemdesignschool.io/_next/static/chunks/framework-2fe4cb6473b20297.js:33:1904)
[  185062ms] Error: Minified React error #418; visit https://reactjs.org/docs/error-decoder.html?invariant=418 for the full message or use the non-minified dev environment for full errors and additional helpful warnings.
    at lg (https://systemdesignschool.io/_next/static/chunks/framework-2fe4cb6473b20297.js:9:46426)
    at i (https://systemdesignschool.io/_next/static/chunks/framework-2fe4cb6473b20297.js:9:121163)
    at oD (https://systemdesignschool.io/_next/static/chunks/framework-2fe4cb6473b20297.js:9:99116)
    at https://systemdesignschool.io/_next/static/chunks/framework-2fe4cb6473b20297.js:9:98983
    at oO (https://systemdesignschool.io/_next/static/chunks/framework-2fe4cb6473b20297.js:9:98990)
    at ox (https://systemdesignschool.io/_next/static/chunks/framework-2fe4cb6473b20297.js:9:94029)
    at x (https://systemdesignschool.io/_next/static/chunks/framework-2fe4cb6473b20297.js:33:1374)
    at MessagePort.T (https://systemdesignschool.io/_next/static/chunks/framework-2fe4cb6473b20297.js:33:1904)
[  185062ms] Error: Minified React error #418; visit https://reactjs.org/docs/error-decoder.html?invariant=418 for the full message or use the non-minified dev environment for full errors and additional helpful warnings.
    at lg (https://systemdesignschool.io/_next/static/chunks/framework-2fe4cb6473b20297.js:9:46426)
    at i (https://systemdesignschool.io/_next/static/chunks/framework-2fe4cb6473b20297.js:9:121163)
    at oD (https://systemdesignschool.io/_next/static/chunks/framework-2fe4cb6473b20297.js:9:99116)
    at https://systemdesignschool.io/_next/static/chunks/framework-2fe4cb6473b20297.js:9:98983
    at oO (https://systemdesignschool.io/_next/static/chunks/framework-2fe4cb6473b20297.js:9:98990)
    at ox (https://systemdesignschool.io/_next/static/chunks/framework-2fe4cb6473b20297.js:9:94029)
    at x (https://systemdesignschool.io/_next/static/chunks/framework-2fe4cb6473b20297.js:33:1374)
    at MessagePort.T (https://systemdesignschool.io/_next/static/chunks/framework-2fe4cb6473b20297.js:33:1904)
[  185062ms] Error: Minified React error #418; visit https://reactjs.org/docs/error-decoder.html?invariant=418 for the full message or use the non-minified dev environment for full errors and additional helpful warnings.
    at lg (https://systemdesignschool.io/_next/static/chunks/framework-2fe4cb6473b20297.js:9:46426)
    at i (https://systemdesignschool.io/_next/static/chunks/framework-2fe4cb6473b20297.js:9:121163)
    at oD (https://systemdesignschool.io/_next/static/chunks/framework-2fe4cb6473b20297.js:9:99116)
    at https://systemdesignschool.io/_next/static/chunks/framework-2fe4cb6473b20297.js:9:98983
    at oO (https://systemdesignschool.io/_next/static/chunks/framework-2fe4cb6473b20297.js:9:98990)
    at ox (https://systemdesignschool.io/_next/static/chunks/framework-2fe4cb6473b20297.js:9:94029)
    at x (https://systemdesignschool.io/_next/static/chunks/framework-2fe4cb6473b20297.js:33:1374)
    at MessagePort.T (https://systemdesignschool.io/_next/static/chunks/framework-2fe4cb6473b20297.js:33:1904)
[  185062ms] Error: Minified React error #418; visit https://reactjs.org/docs/error-decoder.html?invariant=418 for the full message or use the non-minified dev environment for full errors and additional helpful warnings.
    at lg (https://systemdesignschool.io/_next/static/chunks/framework-2fe4cb6473b20297.js:9:46426)
    at i (https://systemdesignschool.io/_next/static/chunks/framework-2fe4cb6473b20297.js:9:121163)
    at oD (https://systemdesignschool.io/_next/static/chunks/framework-2fe4cb6473b20297.js:9:99116)
    at https://systemdesignschool.io/_next/static/chunks/framework-2fe4cb6473b20297.js:9:98983
    at oO (https://systemdesignschool.io/_next/static/chunks/framework-2fe4cb6473b20297.js:9:98990)
    at ox (https://systemdesignschool.io/_next/static/chunks/framework-2fe4cb6473b20297.js:9:94029)
    at x (https://systemdesignschool.io/_next/static/chunks/framework-2fe4cb6473b20297.js:33:1374)
    at MessagePort.T (https://systemdesignschool.io/_next/static/chunks/framework-2fe4cb6473b20297.js:33:1904)
[  185062ms] Error: Minified React error #423; visit https://reactjs.org/docs/error-decoder.html?invariant=423 for the full message or use the non-minified dev environment for full errors and additional helpful warnings.
    at i (https://systemdesignschool.io/_next/static/chunks/framework-2fe4cb6473b20297.js:9:120832)
    at oD (https://systemdesignschool.io/_next/static/chunks/framework-2fe4cb6473b20297.js:9:99116)
    at https://systemdesignschool.io/_next/static/chunks/framework-2fe4cb6473b20297.js:9:98983
    at oO (https://systemdesignschool.io/_next/static/chunks/framework-2fe4cb6473b20297.js:9:98990)
    at oE (https://systemdesignschool.io/_next/static/chunks/framework-2fe4cb6473b20297.js:9:95742)
    at ox (https://systemdesignschool.io/_next/static/chunks/framework-2fe4cb6473b20297.js:9:94297)
    at x (https://systemdesignschool.io/_next/static/chunks/framework-2fe4cb6473b20297.js:33:1374)
    at MessagePort.T (https://systemdesignschool.io/_next/static/chunks/framework-2fe4cb6473b20297.js:33:1904)
[  189528ms] [WARNING] [GSI_LOGGER]: Your client application uses one of the Google One Tap prompt UI status methods that may stop functioning when FedCM becomes mandatory. Refer to the migration guide to update your code accordingly and opt-in to FedCM to test your changes. Learn more: https://developers.google.com/identity/gsi/web/guides/fedcm-migration?s=dc#display_moment and https://developers.google.com/identity/gsi/web/guides/fedcm-migration?s=dc#skipped_moment @ https://accounts.google.com/gsi/client:86
[  189533ms] [ERROR] Not signed in with the identity provider. @ https://systemdesignschool.io/problems/twitter/solution:0
[  192695ms] [WARNING] [GSI_LOGGER]: Your client application uses one of the Google One Tap prompt UI status methods that may stop functioning when FedCM becomes mandatory. Refer to the migration guide to update your code accordingly and opt-in to FedCM to test your changes. Learn more: https://developers.google.com/identity/gsi/web/guides/fedcm-migration?s=dc#display_moment and https://developers.google.com/identity/gsi/web/guides/fedcm-migration?s=dc#skipped_moment @ https://accounts.google.com/gsi/client:86
[  192700ms] [ERROR] Not signed in with the identity provider. @ https://systemdesignschool.io/problems/yelp/solution:0
[  202494ms] [WARNING] [GSI_LOGGER]: Your client application uses one of the Google One Tap prompt UI status methods that may stop functioning when FedCM becomes mandatory. Refer to the migration guide to update your code accordingly and opt-in to FedCM to test your changes. Learn more: https://developers.google.com/identity/gsi/web/guides/fedcm-migration?s=dc#display_moment and https://developers.google.com/identity/gsi/web/guides/fedcm-migration?s=dc#skipped_moment @ https://accounts.google.com/gsi/client:86
[  202500ms] [ERROR] Not signed in with the identity provider. @ https://systemdesignschool.io/problems/dropbox/solution:0
[  214311ms] [WARNING] [GSI_LOGGER]: Your client application uses one of the Google One Tap prompt UI status methods that may stop functioning when FedCM becomes mandatory. Refer to the migration guide to update your code accordingly and opt-in to FedCM to test your changes. Learn more: https://developers.google.com/identity/gsi/web/guides/fedcm-migration?s=dc#display_moment and https://developers.google.com/identity/gsi/web/guides/fedcm-migration?s=dc#skipped_moment @ https://accounts.google.com/gsi/client:86
[  214317ms] [ERROR] Not signed in with the identity provider. @ https://systemdesignschool.io/problems/live-comments/solution:0
[  220374ms] [WARNING] [GSI_LOGGER]: Your client application uses one of the Google One Tap prompt UI status methods that may stop functioning when FedCM becomes mandatory. Refer to the migration guide to update your code accordingly and opt-in to FedCM to test your changes. Learn more: https://developers.google.com/identity/gsi/web/guides/fedcm-migration?s=dc#display_moment and https://developers.google.com/identity/gsi/web/guides/fedcm-migration?s=dc#skipped_moment @ https://accounts.google.com/gsi/client:86
[  220380ms] [ERROR] Not signed in with the identity provider. @ https://systemdesignschool.io/problems/post-search/solution:0
[  222182ms] [ERROR] Failed to load resource: net::ERR_DNS_NO_MATCHING_SUPPORTED_ALPN @ https://www.clarity.ms/tag/rmro4w3088?ref=npm:0
[  225940ms] [ERROR] Failed to load resource: net::ERR_CONNECTION_TIMED_OUT @ https://www.clarity.ms/tag/rmro4w3088?ref=npm:0
[  243312ms] [WARNING] [GSI_LOGGER]: Your client application uses one of the Google One Tap prompt UI status methods that may stop functioning when FedCM becomes mandatory. Refer to the migration guide to update your code accordingly and opt-in to FedCM to test your changes. Learn more: https://developers.google.com/identity/gsi/web/guides/fedcm-migration?s=dc#display_moment and https://developers.google.com/identity/gsi/web/guides/fedcm-migration?s=dc#skipped_moment @ https://accounts.google.com/gsi/client:86
[  243319ms] [ERROR] Not signed in with the identity provider. @ https://systemdesignschool.io/problems/ad-click-aggregator/solution:0
[  245027ms] Error: Minified React error #425; visit https://reactjs.org/docs/error-decoder.html?invariant=425 for the full message or use the non-minified dev environment for full errors and additional helpful warnings.
    at rg (https://systemdesignschool.io/_next/static/chunks/framework-2fe4cb6473b20297.js:9:40173)
    at https://systemdesignschool.io/_next/static/chunks/framework-2fe4cb6473b20297.js:9:100717
    at oI (https://systemdesignschool.io/_next/static/chunks/framework-2fe4cb6473b20297.js:9:106228)
    at oD (https://systemdesignschool.io/_next/static/chunks/framework-2fe4cb6473b20297.js:9:99176)
    at https://systemdesignschool.io/_next/static/chunks/framework-2fe4cb6473b20297.js:9:98983
    at oO (https://systemdesignschool.io/_next/static/chunks/framework-2fe4cb6473b20297.js:9:98990)
    at ox (https://systemdesignschool.io/_next/static/chunks/framework-2fe4cb6473b20297.js:9:94029)
    at x (https://systemdesignschool.io/_next/static/chunks/framework-2fe4cb6473b20297.js:33:1374)
    at MessagePort.T (https://systemdesignschool.io/_next/static/chunks/framework-2fe4cb6473b20297.js:33:1904)
[  245027ms] Error: Minified React error #418; visit https://reactjs.org/docs/error-decoder.html?invariant=418 for the full message or use the non-minified dev environment for full errors and additional helpful warnings.
    at lg (https://systemdesignschool.io/_next/static/chunks/framework-2fe4cb6473b20297.js:9:46426)
    at i (https://systemdesignschool.io/_next/static/chunks/framework-2fe4cb6473b20297.js:9:121163)
    at oD (https://systemdesignschool.io/_next/static/chunks/framework-2fe4cb6473b20297.js:9:99116)
    at https://systemdesignschool.io/_next/static/chunks/framework-2fe4cb6473b20297.js:9:98983
    at oO (https://systemdesignschool.io/_next/static/chunks/framework-2fe4cb6473b20297.js:9:98990)
    at ox (https://systemdesignschool.io/_next/static/chunks/framework-2fe4cb6473b20297.js:9:94029)
    at x (https://systemdesignschool.io/_next/static/chunks/framework-2fe4cb6473b20297.js:33:1374)
    at MessagePort.T (https://systemdesignschool.io/_next/static/chunks/framework-2fe4cb6473b20297.js:33:1904)
[  245027ms] Error: Minified React error #418; visit https://reactjs.org/docs/error-decoder.html?invariant=418 for the full message or use the non-minified dev environment for full errors and additional helpful warnings.
    at lg (https://systemdesignschool.io/_next/static/chunks/framework-2fe4cb6473b20297.js:9:46426)
    at i (https://systemdesignschool.io/_next/static/chunks/framework-2fe4cb6473b20297.js:9:121163)
    at oD (https://systemdesignschool.io/_next/static/chunks/framework-2fe4cb6473b20297.js:9:99116)
    at https://systemdesignschool.io/_next/static/chunks/framework-2fe4cb6473b20297.js:9:98983
    at oO (https://systemdesignschool.io/_next/static/chunks/framework-2fe4cb6473b20297.js:9:98990)
    at ox (https://systemdesignschool.io/_next/static/chunks/framework-2fe4cb6473b20297.js:9:94029)
    at x (https://systemdesignschool.io/_next/static/chunks/framework-2fe4cb6473b20297.js:33:1374)
    at MessagePort.T (https://systemdesignschool.io/_next/static/chunks/framework-2fe4cb6473b20297.js:33:1904)
[  245027ms] Error: Minified React error #418; visit https://reactjs.org/docs/error-decoder.html?invariant=418 for the full message or use the non-minified dev environment for full errors and additional helpful warnings.
    at lg (https://systemdesignschool.io/_next/static/chunks/framework-2fe4cb6473b20297.js:9:46426)
    at i (https://systemdesignschool.io/_next/static/chunks/framework-2fe4cb6473b20297.js:9:121163)
    at oD (https://systemdesignschool.io/_next/static/chunks/framework-2fe4cb6473b20297.js:9:99116)
    at https://systemdesignschool.io/_next/static/chunks/framework-2fe4cb6473b20297.js:9:98983
    at oO (https://systemdesignschool.io/_next/static/chunks/framework-2fe4cb6473b20297.js:9:98990)
    at ox (https://systemdesignschool.io/_next/static/chunks/framework-2fe4cb6473b20297.js:9:94029)
    at x (https://systemdesignschool.io/_next/static/chunks/framework-2fe4cb6473b20297.js:33:1374)
    at MessagePort.T (https://systemdesignschool.io/_next/static/chunks/framework-2fe4cb6473b20297.js:33:1904)
[  245028ms] Error: Minified React error #418; visit https://reactjs.org/docs/error-decoder.html?invariant=418 for the full message or use the non-minified dev environment for full errors and additional helpful warnings.
    at lg (https://systemdesignschool.io/_next/static/chunks/framework-2fe4cb6473b20297.js:9:46426)
    at i (https://systemdesignschool.io/_next/static/chunks/framework-2fe4cb6473b20297.js:9:121163)
    at oD (https://systemdesignschool.io/_next/static/chunks/framework-2fe4cb6473b20297.js:9:99116)
    at https://systemdesignschool.io/_next/static/chunks/framework-2fe4cb6473b20297.js:9:98983
    at oO (https://systemdesignschool.io/_next/static/chunks/framework-2fe4cb6473b20297.js:9:98990)
    at ox (https://systemdesignschool.io/_next/static/chunks/framework-2fe4cb6473b20297.js:9:94029)
    at x (https://systemdesignschool.io/_next/static/chunks/framework-2fe4cb6473b20297.js:33:1374)
    at MessagePort.T (https://systemdesignschool.io/_next/static/chunks/framework-2fe4cb6473b20297.js:33:1904)
[  245028ms] Error: Minified React error #418; visit https://reactjs.org/docs/error-decoder.html?invariant=418 for the full message or use the non-minified dev environment for full errors and additional helpful warnings.
    at lg (https://systemdesignschool.io/_next/static/chunks/framework-2fe4cb6473b20297.js:9:46426)
    at i (https://systemdesignschool.io/_next/static/chunks/framework-2fe4cb6473b20297.js:9:121163)
    at oD (https://systemdesignschool.io/_next/static/chunks/framework-2fe4cb6473b20297.js:9:99116)
    at https://systemdesignschool.io/_next/static/chunks/framework-2fe4cb6473b20297.js:9:98983
    at oO (https://systemdesignschool.io/_next/static/chunks/framework-2fe4cb6473b20297.js:9:98990)
    at ox (https://systemdesignschool.io/_next/static/chunks/framework-2fe4cb6473b20297.js:9:94029)
    at x (https://systemdesignschool.io/_next/static/chunks/framework-2fe4cb6473b20297.js:33:1374)
    at MessagePort.T (https://systemdesignschool.io/_next/static/chunks/framework-2fe4cb6473b20297.js:33:1904)
[  245029ms] Error: Minified React error #418; visit https://reactjs.org/docs/error-decoder.html?invariant=418 for the full message or use the non-minified dev environment for full errors and additional helpful warnings.
    at lg (https://systemdesignschool.io/_next/static/chunks/framework-2fe4cb6473b20297.js:9:46426)
    at i (https://systemdesignschool.io/_next/static/chunks/framework-2fe4cb6473b20297.js:9:121163)
    at oD (https://systemdesignschool.io/_next/static/chunks/framework-2fe4cb6473b20297.js:9:99116)
    at https://systemdesignschool.io/_next/static/chunks/framework-2fe4cb6473b20297.js:9:98983
    at oO (https://systemdesignschool.io/_next/static/chunks/framework-2fe4cb6473b20297.js:9:98990)
    at ox (https://systemdesignschool.io/_next/static/chunks/framework-2fe4cb6473b20297.js:9:94029)
    at x (https://systemdesignschool.io/_next/static/chunks/framework-2fe4cb6473b20297.js:33:1374)
    at MessagePort.T (https://systemdesignschool.io/_next/static/chunks/framework-2fe4cb6473b20297.js:33:1904)
[  245029ms] Error: Minified React error #418; visit https://reactjs.org/docs/error-decoder.html?invariant=418 for the full message or use the non-minified dev environment for full errors and additional helpful warnings.
    at lg (https://systemdesignschool.io/_next/static/chunks/framework-2fe4cb6473b20297.js:9:46426)
    at i (https://systemdesignschool.io/_next/static/chunks/framework-2fe4cb6473b20297.js:9:121163)
    at oD (https://systemdesignschool.io/_next/static/chunks/framework-2fe4cb6473b20297.js:9:99116)
    at https://systemdesignschool.io/_next/static/chunks/framework-2fe4cb6473b20297.js:9:98983
    at oO (https://systemdesignschool.io/_next/static/chunks/framework-2fe4cb6473b20297.js:9:98990)
    at ox (https://systemdesignschool.io/_next/static/chunks/framework-2fe4cb6473b20297.js:9:94029)
    at x (https://systemdesignschool.io/_next/static/chunks/framework-2fe4cb6473b20297.js:33:1374)
    at MessagePort.T (https://systemdesignschool.io/_next/static/chunks/framework-2fe4cb6473b20297.js:33:1904)
[  245029ms] Error: Minified React error #418; visit https://reactjs.org/docs/error-decoder.html?invariant=418 for the full message or use the non-minified dev environment for full errors and additional helpful warnings.
    at lg (https://systemdesignschool.io/_next/static/chunks/framework-2fe4cb6473b20297.js:9:46426)
    at i (https://systemdesignschool.io/_next/static/chunks/framework-2fe4cb6473b20297.js:9:121163)
    at oD (https://systemdesignschool.io/_next/static/chunks/framework-2fe4cb6473b20297.js:9:99116)
    at https://systemdesignschool.io/_next/static/chunks/framework-2fe4cb6473b20297.js:9:98983
    at oO (https://systemdesignschool.io/_next/static/chunks/framework-2fe4cb6473b20297.js:9:98990)
    at ox (https://systemdesignschool.io/_next/static/chunks/framework-2fe4cb6473b20297.js:9:94029)
    at x (https://systemdesignschool.io/_next/static/chunks/framework-2fe4cb6473b20297.js:33:1374)
    at MessagePort.T (https://systemdesignschool.io/_next/static/chunks/framework-2fe4cb6473b20297.js:33:1904)
[  245030ms] Error: Minified React error #418; visit https://reactjs.org/docs/error-decoder.html?invariant=418 for the full message or use the non-minified dev environment for full errors and additional helpful warnings.
    at lg (https://systemdesignschool.io/_next/static/chunks/framework-2fe4cb6473b20297.js:9:46426)
    at i (https://systemdesignschool.io/_next/static/chunks/framework-2fe4cb6473b20297.js:9:121163)
    at oD (https://systemdesignschool.io/_next/static/chunks/framework-2fe4cb6473b20297.js:9:99116)
    at https://systemdesignschool.io/_next/static/chunks/framework-2fe4cb6473b20297.js:9:98983
    at oO (https://systemdesignschool.io/_next/static/chunks/framework-2fe4cb6473b20297.js:9:98990)
    at ox (https://systemdesignschool.io/_next/static/chunks/framework-2fe4cb6473b20297.js:9:94029)
    at x (https://systemdesignschool.io/_next/static/chunks/framework-2fe4cb6473b20297.js:33:1374)
    at MessagePort.T (https://systemdesignschool.io/_next/static/chunks/framework-2fe4cb6473b20297.js:33:1904)
[  245031ms] Error: Minified React error #418; visit https://reactjs.org/docs/error-decoder.html?invariant=418 for the full message or use the non-minified dev environment for full errors and additional helpful warnings.
    at lg (https://systemdesignschool.io/_next/static/chunks/framework-2fe4cb6473b20297.js:9:46426)
    at i (https://systemdesignschool.io/_next/static/chunks/framework-2fe4cb6473b20297.js:9:121163)
    at oD (https://systemdesignschool.io/_next/static/chunks/framework-2fe4cb6473b20297.js:9:99116)
    at https://systemdesignschool.io/_next/static/chunks/framework-2fe4cb6473b20297.js:9:98983
    at oO (https://systemdesignschool.io/_next/static/chunks/framework-2fe4cb6473b20297.js:9:98990)
    at ox (https://systemdesignschool.io/_next/static/chunks/framework-2fe4cb6473b20297.js:9:94029)
    at x (https://systemdesignschool.io/_next/static/chunks/framework-2fe4cb6473b20297.js:33:1374)
    at MessagePort.T (https://systemdesignschool.io/_next/static/chunks/framework-2fe4cb6473b20297.js:33:1904)
[  245031ms] Error: Minified React error #418; visit https://reactjs.org/docs/error-decoder.html?invariant=418 for the full message or use the non-minified dev environment for full errors and additional helpful warnings.
    at lg (https://systemdesignschool.io/_next/static/chunks/framework-2fe4cb6473b20297.js:9:46426)
    at i (https://systemdesignschool.io/_next/static/chunks/framework-2fe4cb6473b20297.js:9:121163)
    at oD (https://systemdesignschool.io/_next/static/chunks/framework-2fe4cb6473b20297.js:9:99116)
    at https://systemdesignschool.io/_next/static/chunks/framework-2fe4cb6473b20297.js:9:98983
    at oO (https://systemdesignschool.io/_next/static/chunks/framework-2fe4cb6473b20297.js:9:98990)
    at ox (https://systemdesignschool.io/_next/static/chunks/framework-2fe4cb6473b20297.js:9:94029)
    at x (https://systemdesignschool.io/_next/static/chunks/framework-2fe4cb6473b20297.js:33:1374)
    at MessagePort.T (https://systemdesignschool.io/_next/static/chunks/framework-2fe4cb6473b20297.js:33:1904)
[  245032ms] Error: Minified React error #418; visit https://reactjs.org/docs/error-decoder.html?invariant=418 for the full message or use the non-minified dev environment for full errors and additional helpful warnings.
    at lg (https://systemdesignschool.io/_next/static/chunks/framework-2fe4cb6473b20297.js:9:46426)
    at i (https://systemdesignschool.io/_next/static/chunks/framework-2fe4cb6473b20297.js:9:121163)
    at oD (https://systemdesignschool.io/_next/static/chunks/framework-2fe4cb6473b20297.js:9:99116)
    at https://systemdesignschool.io/_next/static/chunks/framework-2fe4cb6473b20297.js:9:98983
    at oO (https://systemdesignschool.io/_next/static/chunks/framework-2fe4cb6473b20297.js:9:98990)
    at ox (https://systemdesignschool.io/_next/static/chunks/framework-2fe4cb6473b20297.js:9:94029)
    at x (https://systemdesignschool.io/_next/static/chunks/framework-2fe4cb6473b20297.js:33:1374)
    at MessagePort.T (https://systemdesignschool.io/_next/static/chunks/framework-2fe4cb6473b20297.js:33:1904)
[  245032ms] Error: Minified React error #418; visit https://reactjs.org/docs/error-decoder.html?invariant=418 for the full message or use the non-minified dev environment for full errors and additional helpful warnings.
    at lg (https://systemdesignschool.io/_next/static/chunks/framework-2fe4cb6473b20297.js:9:46426)
    at i (https://systemdesignschool.io/_next/static/chunks/framework-2fe4cb6473b20297.js:9:121163)
    at oD (https://systemdesignschool.io/_next/static/chunks/framework-2fe4cb6473b20297.js:9:99116)
    at https://systemdesignschool.io/_next/static/chunks/framework-2fe4cb6473b20297.js:9:98983
    at oO (https://systemdesignschool.io/_next/static/chunks/framework-2fe4cb6473b20297.js:9:98990)
    at ox (https://systemdesignschool.io/_next/static/chunks/framework-2fe4cb6473b20297.js:9:94029)
    at x (https://systemdesignschool.io/_next/static/chunks/framework-2fe4cb6473b20297.js:33:1374)
    at MessagePort.T (https://systemdesignschool.io/_next/static/chunks/framework-2fe4cb6473b20297.js:33:1904)
[  245032ms] Error: Minified React error #418; visit https://reactjs.org/docs/error-decoder.html?invariant=418 for the full message or use the non-minified dev environment for full errors and additional helpful warnings.
    at lg (https://systemdesignschool.io/_next/static/chunks/framework-2fe4cb6473b20297.js:9:46426)
    at i (https://systemdesignschool.io/_next/static/chunks/framework-2fe4cb6473b20297.js:9:121163)
    at oD (https://systemdesignschool.io/_next/static/chunks/framework-2fe4cb6473b20297.js:9:99116)
    at https://systemdesignschool.io/_next/static/chunks/framework-2fe4cb6473b20297.js:9:98983
    at oO (https://systemdesignschool.io/_next/static/chunks/framework-2fe4cb6473b20297.js:9:98990)
    at ox (https://systemdesignschool.io/_next/static/chunks/framework-2fe4cb6473b20297.js:9:94029)
    at x (https://systemdesignschool.io/_next/static/chunks/framework-2fe4cb6473b20297.js:33:1374)
    at MessagePort.T (https://systemdesignschool.io/_next/static/chunks/framework-2fe4cb6473b20297.js:33:1904)
[  245033ms] Error: Minified React error #423; visit https://reactjs.org/docs/error-decoder.html?invariant=423 for the full message or use the non-minified dev environment for full errors and additional helpful warnings.
    at i (https://systemdesignschool.io/_next/static/chunks/framework-2fe4cb6473b20297.js:9:120832)
    at oD (https://systemdesignschool.io/_next/static/chunks/framework-2fe4cb6473b20297.js:9:99116)
    at https://systemdesignschool.io/_next/static/chunks/framework-2fe4cb6473b20297.js:9:98983
    at oO (https://systemdesignschool.io/_next/static/chunks/framework-2fe4cb6473b20297.js:9:98990)
    at oE (https://systemdesignschool.io/_next/static/chunks/framework-2fe4cb6473b20297.js:9:95742)
    at ox (https://systemdesignschool.io/_next/static/chunks/framework-2fe4cb6473b20297.js:9:94297)
    at x (https://systemdesignschool.io/_next/static/chunks/framework-2fe4cb6473b20297.js:33:1374)
    at MessagePort.T (https://systemdesignschool.io/_next/static/chunks/framework-2fe4cb6473b20297.js:33:1904)
[  252264ms] Error: Minified React error #425; visit https://reactjs.org/docs/error-decoder.html?invariant=425 for the full message or use the non-minified dev environment for full errors and additional helpful warnings.
    at rg (https://systemdesignschool.io/_next/static/chunks/framework-2fe4cb6473b20297.js:9:40173)
    at https://systemdesignschool.io/_next/static/chunks/framework-2fe4cb6473b20297.js:9:100717
    at oI (https://systemdesignschool.io/_next/static/chunks/framework-2fe4cb6473b20297.js:9:106228)
    at oD (https://systemdesignschool.io/_next/static/chunks/framework-2fe4cb6473b20297.js:9:99176)
    at https://systemdesignschool.io/_next/static/chunks/framework-2fe4cb6473b20297.js:9:98983
    at oO (https://systemdesignschool.io/_next/static/chunks/framework-2fe4cb6473b20297.js:9:98990)
    at ox (https://systemdesignschool.io/_next/static/chunks/framework-2fe4cb6473b20297.js:9:94029)
    at x (https://systemdesignschool.io/_next/static/chunks/framework-2fe4cb6473b20297.js:33:1374)
    at MessagePort.T (https://systemdesignschool.io/_next/static/chunks/framework-2fe4cb6473b20297.js:33:1904)
[  252264ms] Error: Minified React error #418; visit https://reactjs.org/docs/error-decoder.html?invariant=418 for the full message or use the non-minified dev environment for full errors and additional helpful warnings.
    at lg (https://systemdesignschool.io/_next/static/chunks/framework-2fe4cb6473b20297.js:9:46426)
    at i (https://systemdesignschool.io/_next/static/chunks/framework-2fe4cb6473b20297.js:9:121163)
    at oD (https://systemdesignschool.io/_next/static/chunks/framework-2fe4cb6473b20297.js:9:99116)
    at https://systemdesignschool.io/_next/static/chunks/framework-2fe4cb6473b20297.js:9:98983
    at oO (https://systemdesignschool.io/_next/static/chunks/framework-2fe4cb6473b20297.js:9:98990)
    at ox (https://systemdesignschool.io/_next/static/chunks/framework-2fe4cb6473b20297.js:9:94029)
    at x (https://systemdesignschool.io/_next/static/chunks/framework-2fe4cb6473b20297.js:33:1374)
    at MessagePort.T (https://systemdesignschool.io/_next/static/chunks/framework-2fe4cb6473b20297.js:33:1904)
[  252264ms] Error: Minified React error #418; visit https://reactjs.org/docs/error-decoder.html?invariant=418 for the full message or use the non-minified dev environment for full errors and additional helpful warnings.
    at lg (https://systemdesignschool.io/_next/static/chunks/framework-2fe4cb6473b20297.js:9:46426)
    at i (https://systemdesignschool.io/_next/static/chunks/framework-2fe4cb6473b20297.js:9:121163)
    at oD (https://systemdesignschool.io/_next/static/chunks/framework-2fe4cb6473b20297.js:9:99116)
    at https://systemdesignschool.io/_next/static/chunks/framework-2fe4cb6473b20297.js:9:98983
    at oO (https://systemdesignschool.io/_next/static/chunks/framework-2fe4cb6473b20297.js:9:98990)
    at ox (https://systemdesignschool.io/_next/static/chunks/framework-2fe4cb6473b20297.js:9:94029)
    at x (https://systemdesignschool.io/_next/static/chunks/framework-2fe4cb6473b20297.js:33:1374)
    at MessagePort.T (https://systemdesignschool.io/_next/static/chunks/framework-2fe4cb6473b20297.js:33:1904)
[  252264ms] Error: Minified React error #418; visit https://reactjs.org/docs/error-decoder.html?invariant=418 for the full message or use the non-minified dev environment for full errors and additional helpful warnings.
    at lg (https://systemdesignschool.io/_next/static/chunks/framework-2fe4cb6473b20297.js:9:46426)
    at i (https://systemdesignschool.io/_next/static/chunks/framework-2fe4cb6473b20297.js:9:121163)
    at oD (https://systemdesignschool.io/_next/static/chunks/framework-2fe4cb6473b20297.js:9:99116)
    at https://systemdesignschool.io/_next/static/chunks/framework-2fe4cb6473b20297.js:9:98983
    at oO (https://systemdesignschool.io/_next/static/chunks/framework-2fe4cb6473b20297.js:9:98990)
    at ox (https://systemdesignschool.io/_next/static/chunks/framework-2fe4cb6473b20297.js:9:94029)
    at x (https://systemdesignschool.io/_next/static/chunks/framework-2fe4cb6473b20297.js:33:1374)
    at MessagePort.T (https://systemdesignschool.io/_next/static/chunks/framework-2fe4cb6473b20297.js:33:1904)
[  252264ms] Error: Minified React error #418; visit https://reactjs.org/docs/error-decoder.html?invariant=418 for the full message or use the non-minified dev environment for full errors and additional helpful warnings.
    at lg (https://systemdesignschool.io/_next/static/chunks/framework-2fe4cb6473b20297.js:9:46426)
    at i (https://systemdesignschool.io/_next/static/chunks/framework-2fe4cb6473b20297.js:9:121163)
    at oD (https://systemdesignschool.io/_next/static/chunks/framework-2fe4cb6473b20297.js:9:99116)
    at https://systemdesignschool.io/_next/static/chunks/framework-2fe4cb6473b20297.js:9:98983
    at oO (https://systemdesignschool.io/_next/static/chunks/framework-2fe4cb6473b20297.js:9:98990)
    at ox (https://systemdesignschool.io/_next/static/chunks/framework-2fe4cb6473b20297.js:9:94029)
    at x (https://systemdesignschool.io/_next/static/chunks/framework-2fe4cb6473b20297.js:33:1374)
    at MessagePort.T (https://systemdesignschool.io/_next/static/chunks/framework-2fe4cb6473b20297.js:33:1904)
[  252264ms] Error: Minified React error #418; visit https://reactjs.org/docs/error-decoder.html?invariant=418 for the full message or use the non-minified dev environment for full errors and additional helpful warnings.
    at lg (https://systemdesignschool.io/_next/static/chunks/framework-2fe4cb6473b20297.js:9:46426)
    at i (https://systemdesignschool.io/_next/static/chunks/framework-2fe4cb6473b20297.js:9:121163)
    at oD (https://systemdesignschool.io/_next/static/chunks/framework-2fe4cb6473b20297.js:9:99116)
    at https://systemdesignschool.io/_next/static/chunks/framework-2fe4cb6473b20297.js:9:98983
    at oO (https://systemdesignschool.io/_next/static/chunks/framework-2fe4cb6473b20297.js:9:98990)
    at ox (https://systemdesignschool.io/_next/static/chunks/framework-2fe4cb6473b20297.js:9:94029)
    at x (https://systemdesignschool.io/_next/static/chunks/framework-2fe4cb6473b20297.js:33:1374)
    at MessagePort.T (https://systemdesignschool.io/_next/static/chunks/framework-2fe4cb6473b20297.js:33:1904)
[  252264ms] Error: Minified React error #423; visit https://reactjs.org/docs/error-decoder.html?invariant=423 for the full message or use the non-minified dev environment for full errors and additional helpful warnings.
    at i (https://systemdesignschool.io/_next/static/chunks/framework-2fe4cb6473b20297.js:9:120832)
    at oD (https://systemdesignschool.io/_next/static/chunks/framework-2fe4cb6473b20297.js:9:99116)
    at https://systemdesignschool.io/_next/static/chunks/framework-2fe4cb6473b20297.js:9:98983
    at oO (https://systemdesignschool.io/_next/static/chunks/framework-2fe4cb6473b20297.js:9:98990)
    at oE (https://systemdesignschool.io/_next/static/chunks/framework-2fe4cb6473b20297.js:9:95742)
    at ox (https://systemdesignschool.io/_next/static/chunks/framework-2fe4cb6473b20297.js:9:94297)
    at x (https://systemdesignschool.io/_next/static/chunks/framework-2fe4cb6473b20297.js:33:1374)
    at MessagePort.T (https://systemdesignschool.io/_next/static/chunks/framework-2fe4cb6473b20297.js:33:1904)
[  264093ms] [WARNING] [GSI_LOGGER]: Your client application uses one of the Google One Tap prompt UI status methods that may stop functioning when FedCM becomes mandatory. Refer to the migration guide to update your code accordingly and opt-in to FedCM to test your changes. Learn more: https://developers.google.com/identity/gsi/web/guides/fedcm-migration?s=dc#display_moment and https://developers.google.com/identity/gsi/web/guides/fedcm-migration?s=dc#skipped_moment @ https://accounts.google.com/gsi/client:86
[  264098ms] [ERROR] Not signed in with the identity provider. @ https://systemdesignschool.io/problems/instagram/solution:0
[  273431ms] [ERROR] Failed to load resource: net::ERR_CONNECTION_TIMED_OUT @ https://www.clarity.ms/tag/rmro4w3088?ref=npm:0
[  273968ms] [WARNING] [GSI_LOGGER]: Your client application uses one of the Google One Tap prompt UI status methods that may stop functioning when FedCM becomes mandatory. Refer to the migration guide to update your code accordingly and opt-in to FedCM to test your changes. Learn more: https://developers.google.com/identity/gsi/web/guides/fedcm-migration?s=dc#display_moment and https://developers.google.com/identity/gsi/web/guides/fedcm-migration?s=dc#skipped_moment @ https://accounts.google.com/gsi/client:86
[  273970ms] [ERROR] Not signed in with the identity provider. @ https://systemdesignschool.io/problems/google-map/solution:0
[  278620ms] [ERROR] [GSI_LOGGER]: FedCM get() rejects with NetworkError: Error retrieving a token. @ https://accounts.google.com/gsi/client:87
[  346252ms] [ERROR] Failed to load resource: net::ERR_NETWORK_CHANGED @ https://www.youtube.com/generate_204:0
[  347421ms] [LOG] %cWebsocket close was unclean: 1006 color: #E8910C @ https://script.hotjar.com/modules.b3c3d2ffe9c422f77646.js:1
[  348643ms] [ERROR] Failed to load resource: net::ERR_NAME_NOT_RESOLVED @ https://www.youtube.com/generate_204:0
[  349451ms] [ERROR] Failed to load resource: net::ERR_INTERNET_DISCONNECTED @ https://www.youtube.com/generate_204:0
[  350448ms] [ERROR] WebSocket connection to 'wss://ws.hotjar.com/api/v2/client/ws?v=7&site_id=3669179' failed: Error in connection establishment: net::ERR_INTERNET_DISCONNECTED @ https://script.hotjar.com/modules.b3c3d2ffe9c422f77646.js:1
[  350449ms] [LOG] %cWebsocket close was unclean: 1006 color: #E8910C @ https://script.hotjar.com/modules.b3c3d2ffe9c422f77646.js:1
[  406652ms] [LOG] %cWebsocket close was unclean: 1006 color: #E8910C @ https://script.hotjar.com/modules.b3c3d2ffe9c422f77646.js:1
